
Memory Configuration

Name             Origin             Length             Attributes
*default*        0x0000000000000000 0xffffffffffffffff

Linker script and memory map

                0x0000000000000000                . = 0x0

.text           0x0000000000000000       0x30
 *(vector_start)
 *(.text .rodata)
 .text          0x0000000000000000       0x30 build/Entry.o
                0x0000000000000000                main

.glue_7         0x0000000000000030        0x0
 .glue_7        0x0000000000000030        0x0 linker stubs

.glue_7t        0x0000000000000030        0x0
 .glue_7t       0x0000000000000030        0x0 linker stubs

.vfp11_veneer   0x0000000000000030        0x0
 .vfp11_veneer  0x0000000000000030        0x0 linker stubs

.v4_bx          0x0000000000000030        0x0
 .v4_bx         0x0000000000000030        0x0 linker stubs

.iplt           0x0000000000000030        0x0
 .iplt          0x0000000000000030        0x0 build/Entry.o

.rel.dyn        0x0000000000000030        0x0
 .rel.iplt      0x0000000000000030        0x0 build/Entry.o

.data           0x0000000000000030        0x0
 *(.data)
 .data          0x0000000000000030        0x0 build/Entry.o

.igot.plt       0x0000000000000030        0x0
 .igot.plt      0x0000000000000030        0x0 build/Entry.o

.bss            0x0000000000000030        0x0
 *(.bss)
 .bss           0x0000000000000030        0x0 build/Entry.o
LOAD build/Entry.o
OUTPUT(build/pilos.axf elf32-littlearm)

.debug_info     0x0000000000000000       0xac
 .debug_info    0x0000000000000000       0xac build/Entry.o

.debug_abbrev   0x0000000000000000       0x69
 .debug_abbrev  0x0000000000000000       0x69 build/Entry.o

.debug_aranges  0x0000000000000000       0x20
 .debug_aranges
                0x0000000000000000       0x20 build/Entry.o

.debug_line     0x0000000000000000       0x91
 .debug_line    0x0000000000000000       0x91 build/Entry.o

.debug_str      0x0000000000000000       0xd5
 .debug_str     0x0000000000000000       0xd5 build/Entry.o
                                        0x112 (size before relaxing)

.comment        0x0000000000000000       0x31
 .comment       0x0000000000000000       0x31 build/Entry.o
                                         0x32 (size before relaxing)

.ARM.attributes
                0x0000000000000000       0x37
 .ARM.attributes
                0x0000000000000000       0x37 build/Entry.o

.debug_frame    0x0000000000000000       0x30
 .debug_frame   0x0000000000000000       0x30 build/Entry.o
